// Jest Snapshot v1, https://goo.gl/fbAQLP

exports[`DashboardUserStats matches snapshot 1`] = `
<DashboardUserStats(Component)
  users={
    Array [
      Object {
        "_id": 0,
        "profile": Object {
          "firstName": "John 0",
          "lastName": "Doe 0",
        },
        "status": "online",
      },
      Object {
        "_id": 1,
        "profile": Object {
          "firstName": "John 1",
          "lastName": "Doe 1",
        },
        "status": "online",
      },
      Object {
        "_id": 2,
        "profile": Object {
          "firstName": "John 2",
          "lastName": "Doe 2",
        },
        "status": "online",
      },
      Object {
        "_id": 3,
        "profile": Object {
          "firstName": "John 3",
          "lastName": "Doe 3",
        },
        "status": "online",
      },
      Object {
        "_id": 4,
        "profile": Object {
          "firstName": "John 4",
          "lastName": "Doe 4",
        },
        "status": "online",
      },
      Object {
        "_id": 5,
        "profile": Object {
          "firstName": "John 5",
          "lastName": "Doe 5",
        },
        "status": "online",
      },
      Object {
        "_id": 6,
        "profile": Object {
          "firstName": "John 6",
          "lastName": "Doe 6",
        },
        "status": "online",
      },
      Object {
        "_id": 7,
        "profile": Object {
          "firstName": "John 7",
          "lastName": "Doe 7",
        },
        "status": "online",
      },
      Object {
        "_id": 8,
        "profile": Object {
          "firstName": "John 8",
          "lastName": "Doe 8",
        },
        "status": "online",
      },
      Object {
        "_id": 9,
        "profile": Object {
          "firstName": "John 9",
          "lastName": "Doe 9",
        },
        "status": "online",
      },
      Object {
        "_id": 10,
        "profile": Object {
          "firstName": "John 10",
          "lastName": "Doe 10",
        },
        "status": "online",
      },
      Object {
        "_id": 11,
        "profile": Object {
          "firstName": "John 11",
          "lastName": "Doe 11",
        },
        "status": "online",
      },
      Object {
        "_id": 12,
        "profile": Object {
          "firstName": "John 12",
          "lastName": "Doe 12",
        },
        "status": "online",
      },
      Object {
        "_id": 13,
        "profile": Object {
          "firstName": "John 13",
          "lastName": "Doe 13",
        },
        "status": "online",
      },
      Object {
        "_id": 14,
        "profile": Object {
          "firstName": "John 14",
          "lastName": "Doe 14",
        },
        "status": "online",
      },
      Object {
        "_id": 15,
        "profile": Object {
          "firstName": "John 15",
          "lastName": "Doe 15",
        },
        "status": "online",
      },
      Object {
        "_id": 16,
        "profile": Object {
          "firstName": "John 16",
          "lastName": "Doe 16",
        },
        "status": "online",
      },
      Object {
        "_id": 17,
        "profile": Object {
          "firstName": "John 17",
          "lastName": "Doe 17",
        },
        "status": "online",
      },
      Object {
        "_id": 18,
        "profile": Object {
          "firstName": "John 18",
          "lastName": "Doe 18",
        },
        "status": "online",
      },
      Object {
        "_id": 19,
        "profile": Object {
          "firstName": "John 19",
          "lastName": "Doe 19",
        },
        "status": "online",
      },
      Object {
        "_id": 20,
        "profile": Object {
          "firstName": "John 20",
          "lastName": "Doe 20",
        },
        "status": "online",
      },
      Object {
        "_id": 21,
        "profile": Object {
          "firstName": "John 21",
          "lastName": "Doe 21",
        },
        "status": "online",
      },
      Object {
        "_id": 22,
        "profile": Object {
          "firstName": "John 22",
          "lastName": "Doe 22",
        },
        "status": "online",
      },
      Object {
        "_id": 23,
        "profile": Object {
          "firstName": "John 23",
          "lastName": "Doe 23",
        },
        "status": "online",
      },
      Object {
        "_id": 24,
        "profile": Object {
          "firstName": "John 24",
          "lastName": "Doe 24",
        },
        "status": "online",
      },
    ]
  }
  usersPerRow={5}
>
  <withState(withHandlers(Component))
    users={
      Array [
        Object {
          "_id": 0,
          "profile": Object {
            "firstName": "John 0",
            "lastName": "Doe 0",
          },
          "status": "online",
        },
        Object {
          "_id": 1,
          "profile": Object {
            "firstName": "John 1",
            "lastName": "Doe 1",
          },
          "status": "online",
        },
        Object {
          "_id": 2,
          "profile": Object {
            "firstName": "John 2",
            "lastName": "Doe 2",
          },
          "status": "online",
        },
        Object {
          "_id": 3,
          "profile": Object {
            "firstName": "John 3",
            "lastName": "Doe 3",
          },
          "status": "online",
        },
        Object {
          "_id": 4,
          "profile": Object {
            "firstName": "John 4",
            "lastName": "Doe 4",
          },
          "status": "online",
        },
        Object {
          "_id": 5,
          "profile": Object {
            "firstName": "John 5",
            "lastName": "Doe 5",
          },
          "status": "online",
        },
        Object {
          "_id": 6,
          "profile": Object {
            "firstName": "John 6",
            "lastName": "Doe 6",
          },
          "status": "online",
        },
        Object {
          "_id": 7,
          "profile": Object {
            "firstName": "John 7",
            "lastName": "Doe 7",
          },
          "status": "online",
        },
        Object {
          "_id": 8,
          "profile": Object {
            "firstName": "John 8",
            "lastName": "Doe 8",
          },
          "status": "online",
        },
        Object {
          "_id": 9,
          "profile": Object {
            "firstName": "John 9",
            "lastName": "Doe 9",
          },
          "status": "online",
        },
        Object {
          "_id": 10,
          "profile": Object {
            "firstName": "John 10",
            "lastName": "Doe 10",
          },
          "status": "online",
        },
        Object {
          "_id": 11,
          "profile": Object {
            "firstName": "John 11",
            "lastName": "Doe 11",
          },
          "status": "online",
        },
        Object {
          "_id": 12,
          "profile": Object {
            "firstName": "John 12",
            "lastName": "Doe 12",
          },
          "status": "online",
        },
        Object {
          "_id": 13,
          "profile": Object {
            "firstName": "John 13",
            "lastName": "Doe 13",
          },
          "status": "online",
        },
        Object {
          "_id": 14,
          "profile": Object {
            "firstName": "John 14",
            "lastName": "Doe 14",
          },
          "status": "online",
        },
        Object {
          "_id": 15,
          "profile": Object {
            "firstName": "John 15",
            "lastName": "Doe 15",
          },
          "status": "online",
        },
        Object {
          "_id": 16,
          "profile": Object {
            "firstName": "John 16",
            "lastName": "Doe 16",
          },
          "status": "online",
        },
        Object {
          "_id": 17,
          "profile": Object {
            "firstName": "John 17",
            "lastName": "Doe 17",
          },
          "status": "online",
        },
        Object {
          "_id": 18,
          "profile": Object {
            "firstName": "John 18",
            "lastName": "Doe 18",
          },
          "status": "online",
        },
        Object {
          "_id": 19,
          "profile": Object {
            "firstName": "John 19",
            "lastName": "Doe 19",
          },
          "status": "online",
        },
        Object {
          "_id": 20,
          "profile": Object {
            "firstName": "John 20",
            "lastName": "Doe 20",
          },
          "status": "online",
        },
        Object {
          "_id": 21,
          "profile": Object {
            "firstName": "John 21",
            "lastName": "Doe 21",
          },
          "status": "online",
        },
        Object {
          "_id": 22,
          "profile": Object {
            "firstName": "John 22",
            "lastName": "Doe 22",
          },
          "status": "online",
        },
        Object {
          "_id": 23,
          "profile": Object {
            "firstName": "John 23",
            "lastName": "Doe 23",
          },
          "status": "online",
        },
        Object {
          "_id": 24,
          "profile": Object {
            "firstName": "John 24",
            "lastName": "Doe 24",
          },
          "status": "online",
        },
      ]
    }
    usersPerRow={5}
  >
    <withHandlers(Component)
      isOpen={false}
      setIsOpen={[Function]}
      users={
        Array [
          Object {
            "_id": 0,
            "profile": Object {
              "firstName": "John 0",
              "lastName": "Doe 0",
            },
            "status": "online",
          },
          Object {
            "_id": 1,
            "profile": Object {
              "firstName": "John 1",
              "lastName": "Doe 1",
            },
            "status": "online",
          },
          Object {
            "_id": 2,
            "profile": Object {
              "firstName": "John 2",
              "lastName": "Doe 2",
            },
            "status": "online",
          },
          Object {
            "_id": 3,
            "profile": Object {
              "firstName": "John 3",
              "lastName": "Doe 3",
            },
            "status": "online",
          },
          Object {
            "_id": 4,
            "profile": Object {
              "firstName": "John 4",
              "lastName": "Doe 4",
            },
            "status": "online",
          },
          Object {
            "_id": 5,
            "profile": Object {
              "firstName": "John 5",
              "lastName": "Doe 5",
            },
            "status": "online",
          },
          Object {
            "_id": 6,
            "profile": Object {
              "firstName": "John 6",
              "lastName": "Doe 6",
            },
            "status": "online",
          },
          Object {
            "_id": 7,
            "profile": Object {
              "firstName": "John 7",
              "lastName": "Doe 7",
            },
            "status": "online",
          },
          Object {
            "_id": 8,
            "profile": Object {
              "firstName": "John 8",
              "lastName": "Doe 8",
            },
            "status": "online",
          },
          Object {
            "_id": 9,
            "profile": Object {
              "firstName": "John 9",
              "lastName": "Doe 9",
            },
            "status": "online",
          },
          Object {
            "_id": 10,
            "profile": Object {
              "firstName": "John 10",
              "lastName": "Doe 10",
            },
            "status": "online",
          },
          Object {
            "_id": 11,
            "profile": Object {
              "firstName": "John 11",
              "lastName": "Doe 11",
            },
            "status": "online",
          },
          Object {
            "_id": 12,
            "profile": Object {
              "firstName": "John 12",
              "lastName": "Doe 12",
            },
            "status": "online",
          },
          Object {
            "_id": 13,
            "profile": Object {
              "firstName": "John 13",
              "lastName": "Doe 13",
            },
            "status": "online",
          },
          Object {
            "_id": 14,
            "profile": Object {
              "firstName": "John 14",
              "lastName": "Doe 14",
            },
            "status": "online",
          },
          Object {
            "_id": 15,
            "profile": Object {
              "firstName": "John 15",
              "lastName": "Doe 15",
            },
            "status": "online",
          },
          Object {
            "_id": 16,
            "profile": Object {
              "firstName": "John 16",
              "lastName": "Doe 16",
            },
            "status": "online",
          },
          Object {
            "_id": 17,
            "profile": Object {
              "firstName": "John 17",
              "lastName": "Doe 17",
            },
            "status": "online",
          },
          Object {
            "_id": 18,
            "profile": Object {
              "firstName": "John 18",
              "lastName": "Doe 18",
            },
            "status": "online",
          },
          Object {
            "_id": 19,
            "profile": Object {
              "firstName": "John 19",
              "lastName": "Doe 19",
            },
            "status": "online",
          },
          Object {
            "_id": 20,
            "profile": Object {
              "firstName": "John 20",
              "lastName": "Doe 20",
            },
            "status": "online",
          },
          Object {
            "_id": 21,
            "profile": Object {
              "firstName": "John 21",
              "lastName": "Doe 21",
            },
            "status": "online",
          },
          Object {
            "_id": 22,
            "profile": Object {
              "firstName": "John 22",
              "lastName": "Doe 22",
            },
            "status": "online",
          },
          Object {
            "_id": 23,
            "profile": Object {
              "firstName": "John 23",
              "lastName": "Doe 23",
            },
            "status": "online",
          },
          Object {
            "_id": 24,
            "profile": Object {
              "firstName": "John 24",
              "lastName": "Doe 24",
            },
            "status": "online",
          },
        ]
      }
      usersPerRow={5}
    >
      <Component
        isOpen={false}
        setIsOpen={[Function]}
        toggle={[Function]}
        users={
          Array [
            Object {
              "_id": 0,
              "profile": Object {
                "firstName": "John 0",
                "lastName": "Doe 0",
              },
              "status": "online",
            },
            Object {
              "_id": 1,
              "profile": Object {
                "firstName": "John 1",
                "lastName": "Doe 1",
              },
              "status": "online",
            },
            Object {
              "_id": 2,
              "profile": Object {
                "firstName": "John 2",
                "lastName": "Doe 2",
              },
              "status": "online",
            },
            Object {
              "_id": 3,
              "profile": Object {
                "firstName": "John 3",
                "lastName": "Doe 3",
              },
              "status": "online",
            },
            Object {
              "_id": 4,
              "profile": Object {
                "firstName": "John 4",
                "lastName": "Doe 4",
              },
              "status": "online",
            },
            Object {
              "_id": 5,
              "profile": Object {
                "firstName": "John 5",
                "lastName": "Doe 5",
              },
              "status": "online",
            },
            Object {
              "_id": 6,
              "profile": Object {
                "firstName": "John 6",
                "lastName": "Doe 6",
              },
              "status": "online",
            },
            Object {
              "_id": 7,
              "profile": Object {
                "firstName": "John 7",
                "lastName": "Doe 7",
              },
              "status": "online",
            },
            Object {
              "_id": 8,
              "profile": Object {
                "firstName": "John 8",
                "lastName": "Doe 8",
              },
              "status": "online",
            },
            Object {
              "_id": 9,
              "profile": Object {
                "firstName": "John 9",
                "lastName": "Doe 9",
              },
              "status": "online",
            },
            Object {
              "_id": 10,
              "profile": Object {
                "firstName": "John 10",
                "lastName": "Doe 10",
              },
              "status": "online",
            },
            Object {
              "_id": 11,
              "profile": Object {
                "firstName": "John 11",
                "lastName": "Doe 11",
              },
              "status": "online",
            },
            Object {
              "_id": 12,
              "profile": Object {
                "firstName": "John 12",
                "lastName": "Doe 12",
              },
              "status": "online",
            },
            Object {
              "_id": 13,
              "profile": Object {
                "firstName": "John 13",
                "lastName": "Doe 13",
              },
              "status": "online",
            },
            Object {
              "_id": 14,
              "profile": Object {
                "firstName": "John 14",
                "lastName": "Doe 14",
              },
              "status": "online",
            },
            Object {
              "_id": 15,
              "profile": Object {
                "firstName": "John 15",
                "lastName": "Doe 15",
              },
              "status": "online",
            },
            Object {
              "_id": 16,
              "profile": Object {
                "firstName": "John 16",
                "lastName": "Doe 16",
              },
              "status": "online",
            },
            Object {
              "_id": 17,
              "profile": Object {
                "firstName": "John 17",
                "lastName": "Doe 17",
              },
              "status": "online",
            },
            Object {
              "_id": 18,
              "profile": Object {
                "firstName": "John 18",
                "lastName": "Doe 18",
              },
              "status": "online",
            },
            Object {
              "_id": 19,
              "profile": Object {
                "firstName": "John 19",
                "lastName": "Doe 19",
              },
              "status": "online",
            },
            Object {
              "_id": 20,
              "profile": Object {
                "firstName": "John 20",
                "lastName": "Doe 20",
              },
              "status": "online",
            },
            Object {
              "_id": 21,
              "profile": Object {
                "firstName": "John 21",
                "lastName": "Doe 21",
              },
              "status": "online",
            },
            Object {
              "_id": 22,
              "profile": Object {
                "firstName": "John 22",
                "lastName": "Doe 22",
              },
              "status": "online",
            },
            Object {
              "_id": 23,
              "profile": Object {
                "firstName": "John 23",
                "lastName": "Doe 23",
              },
              "status": "online",
            },
            Object {
              "_id": 24,
              "profile": Object {
                "firstName": "John 24",
                "lastName": "Doe 24",
              },
              "status": "online",
            },
          ]
        }
        usersPerRow={5}
      >
        <DashboardStats>
          <div
            className="dashboard-stats"
          >
            <DashboardStatsTitle>
              <h4
                className="dashboard-stats-title"
              >
                <defaultProps(mapProps(componentFromProp(component)))
                  color="secondary add"
                  component="a"
                  onClick={[Function]}
                  size="1"
                >
                  <mapProps(componentFromProp(component))
                    color="secondary add"
                    component="a"
                    onClick={[Function]}
                    size="1"
                  >
                    <componentFromProp(component)
                      className="btn btn-secondary btn-add btn-sm"
                      component="a"
                      onClick={[Function]}
                    >
                      <a
                        className="btn btn-secondary btn-add btn-sm"
                        onClick={[Function]}
                      >
                        <Icon
                          name="plus"
                        >
                          <FaSize
                            prefix=""
                            size={1}
                          >
                            <i
                              className="fa fa-plus"
                            />
                          </FaSize>
                        </Icon>
                      </a>
                    </componentFromProp(component)>
                  </mapProps(componentFromProp(component))>
                </defaultProps(mapProps(componentFromProp(component)))>
                25 users
                 online
              </h4>
            </DashboardStatsTitle>
            <DashboardStatsUserList
              users={
                Array [
                  Object {
                    "_id": 0,
                    "profile": Object {
                      "firstName": "John 0",
                      "lastName": "Doe 0",
                    },
                    "status": "online",
                  },
                  Object {
                    "_id": 1,
                    "profile": Object {
                      "firstName": "John 1",
                      "lastName": "Doe 1",
                    },
                    "status": "online",
                  },
                  Object {
                    "_id": 2,
                    "profile": Object {
                      "firstName": "John 2",
                      "lastName": "Doe 2",
                    },
                    "status": "online",
                  },
                  Object {
                    "_id": 3,
                    "profile": Object {
                      "firstName": "John 3",
                      "lastName": "Doe 3",
                    },
                    "status": "online",
                  },
                  Object {
                    "_id": 4,
                    "profile": Object {
                      "firstName": "John 4",
                      "lastName": "Doe 4",
                    },
                    "status": "online",
                  },
                ]
              }
            >
              <DashboardStatsUser
                key="0"
                status="online"
              >
                <span
                  className="dashboard-stats-user"
                >
                  <IconUser
                    className="online"
                  >
                    <Icon
                      className="online"
                      name="user"
                    >
                      <FaSize
                        prefix=""
                        size={1}
                      >
                        <i
                          className="fa fa-user online"
                        />
                      </FaSize>
                    </Icon>
                  </IconUser>
                  John 0 Doe 0
                </span>
              </DashboardStatsUser>
              <DashboardStatsUser
                key="1"
                status="online"
              >
                <span
                  className="dashboard-stats-user"
                >
                  <IconUser
                    className="online"
                  >
                    <Icon
                      className="online"
                      name="user"
                    >
                      <FaSize
                        prefix=""
                        size={1}
                      >
                        <i
                          className="fa fa-user online"
                        />
                      </FaSize>
                    </Icon>
                  </IconUser>
                  John 1 Doe 1
                </span>
              </DashboardStatsUser>
              <DashboardStatsUser
                key="2"
                status="online"
              >
                <span
                  className="dashboard-stats-user"
                >
                  <IconUser
                    className="online"
                  >
                    <Icon
                      className="online"
                      name="user"
                    >
                      <FaSize
                        prefix=""
                        size={1}
                      >
                        <i
                          className="fa fa-user online"
                        />
                      </FaSize>
                    </Icon>
                  </IconUser>
                  John 2 Doe 2
                </span>
              </DashboardStatsUser>
              <DashboardStatsUser
                key="3"
                status="online"
              >
                <span
                  className="dashboard-stats-user"
                >
                  <IconUser
                    className="online"
                  >
                    <Icon
                      className="online"
                      name="user"
                    >
                      <FaSize
                        prefix=""
                        size={1}
                      >
                        <i
                          className="fa fa-user online"
                        />
                      </FaSize>
                    </Icon>
                  </IconUser>
                  John 3 Doe 3
                </span>
              </DashboardStatsUser>
              <DashboardStatsUser
                key="4"
                status="online"
              >
                <span
                  className="dashboard-stats-user"
                >
                  <IconUser
                    className="online"
                  >
                    <Icon
                      className="online"
                      name="user"
                    >
                      <FaSize
                        prefix=""
                        size={1}
                      >
                        <i
                          className="fa fa-user online"
                        />
                      </FaSize>
                    </Icon>
                  </IconUser>
                  John 4 Doe 4
                </span>
              </DashboardStatsUser>
            </DashboardStatsUserList>
            <Collapse
              isOpen={false}
            >
              <Collapse
                appear={false}
                className=""
                enter={true}
                exit={true}
                in={false}
                isOpen={false}
                mountOnEnter={false}
                onEnter={[Function]}
                onEntered={[Function]}
                onEntering={[Function]}
                onExit={[Function]}
                onExited={[Function]}
                onExiting={[Function]}
                tag="div"
                timeout={350}
                unmountOnExit={false}
              >
                <Transition
                  appear={false}
                  enter={true}
                  exit={true}
                  in={false}
                  mountOnEnter={false}
                  onEnter={[Function]}
                  onEntered={[Function]}
                  onEntering={[Function]}
                  onExit={[Function]}
                  onExited={[Function]}
                  onExiting={[Function]}
                  timeout={350}
                  unmountOnExit={false}
                >
                  <div
                    className="collapse"
                    style={Object {}}
                  >
                    <div
                      key=" 5 6 7 8 9"
                    >
                      <DashboardStatsUserList
                        users={
                          Array [
                            Object {
                              "_id": 5,
                              "profile": Object {
                                "firstName": "John 5",
                                "lastName": "Doe 5",
                              },
                              "status": "online",
                            },
                            Object {
                              "_id": 6,
                              "profile": Object {
                                "firstName": "John 6",
                                "lastName": "Doe 6",
                              },
                              "status": "online",
                            },
                            Object {
                              "_id": 7,
                              "profile": Object {
                                "firstName": "John 7",
                                "lastName": "Doe 7",
                              },
                              "status": "online",
                            },
                            Object {
                              "_id": 8,
                              "profile": Object {
                                "firstName": "John 8",
                                "lastName": "Doe 8",
                              },
                              "status": "online",
                            },
                            Object {
                              "_id": 9,
                              "profile": Object {
                                "firstName": "John 9",
                                "lastName": "Doe 9",
                              },
                              "status": "online",
                            },
                          ]
                        }
                      >
                        <DashboardStatsUser
                          key="5"
                          status="online"
                        >
                          <span
                            className="dashboard-stats-user"
                          >
                            <IconUser
                              className="online"
                            >
                              <Icon
                                className="online"
                                name="user"
                              >
                                <FaSize
                                  prefix=""
                                  size={1}
                                >
                                  <i
                                    className="fa fa-user online"
                                  />
                                </FaSize>
                              </Icon>
                            </IconUser>
                            John 5 Doe 5
                          </span>
                        </DashboardStatsUser>
                        <DashboardStatsUser
                          key="6"
                          status="online"
                        >
                          <span
                            className="dashboard-stats-user"
                          >
                            <IconUser
                              className="online"
                            >
                              <Icon
                                className="online"
                                name="user"
                              >
                                <FaSize
                                  prefix=""
                                  size={1}
                                >
                                  <i
                                    className="fa fa-user online"
                                  />
                                </FaSize>
                              </Icon>
                            </IconUser>
                            John 6 Doe 6
                          </span>
                        </DashboardStatsUser>
                        <DashboardStatsUser
                          key="7"
                          status="online"
                        >
                          <span
                            className="dashboard-stats-user"
                          >
                            <IconUser
                              className="online"
                            >
                              <Icon
                                className="online"
                                name="user"
                              >
                                <FaSize
                                  prefix=""
                                  size={1}
                                >
                                  <i
                                    className="fa fa-user online"
                                  />
                                </FaSize>
                              </Icon>
                            </IconUser>
                            John 7 Doe 7
                          </span>
                        </DashboardStatsUser>
                        <DashboardStatsUser
                          key="8"
                          status="online"
                        >
                          <span
                            className="dashboard-stats-user"
                          >
                            <IconUser
                              className="online"
                            >
                              <Icon
                                className="online"
                                name="user"
                              >
                                <FaSize
                                  prefix=""
                                  size={1}
                                >
                                  <i
                                    className="fa fa-user online"
                                  />
                                </FaSize>
                              </Icon>
                            </IconUser>
                            John 8 Doe 8
                          </span>
                        </DashboardStatsUser>
                        <DashboardStatsUser
                          key="9"
                          status="online"
                        >
                          <span
                            className="dashboard-stats-user"
                          >
                            <IconUser
                              className="online"
                            >
                              <Icon
                                className="online"
                                name="user"
                              >
                                <FaSize
                                  prefix=""
                                  size={1}
                                >
                                  <i
                                    className="fa fa-user online"
                                  />
                                </FaSize>
                              </Icon>
                            </IconUser>
                            John 9 Doe 9
                          </span>
                        </DashboardStatsUser>
                      </DashboardStatsUserList>
                    </div>
                    <div
                      key=" 10 11 12 13 14"
                    >
                      <DashboardStatsUserList
                        users={
                          Array [
                            Object {
                              "_id": 10,
                              "profile": Object {
                                "firstName": "John 10",
                                "lastName": "Doe 10",
                              },
                              "status": "online",
                            },
                            Object {
                              "_id": 11,
                              "profile": Object {
                                "firstName": "John 11",
                                "lastName": "Doe 11",
                              },
                              "status": "online",
                            },
                            Object {
                              "_id": 12,
                              "profile": Object {
                                "firstName": "John 12",
                                "lastName": "Doe 12",
                              },
                              "status": "online",
                            },
                            Object {
                              "_id": 13,
                              "profile": Object {
                                "firstName": "John 13",
                                "lastName": "Doe 13",
                              },
                              "status": "online",
                            },
                            Object {
                              "_id": 14,
                              "profile": Object {
                                "firstName": "John 14",
                                "lastName": "Doe 14",
                              },
                              "status": "online",
                            },
                          ]
                        }
                      >
                        <DashboardStatsUser
                          key="10"
                          status="online"
                        >
                          <span
                            className="dashboard-stats-user"
                          >
                            <IconUser
                              className="online"
                            >
                              <Icon
                                className="online"
                                name="user"
                              >
                                <FaSize
                                  prefix=""
                                  size={1}
                                >
                                  <i
                                    className="fa fa-user online"
                                  />
                                </FaSize>
                              </Icon>
                            </IconUser>
                            John 10 Doe 10
                          </span>
                        </DashboardStatsUser>
                        <DashboardStatsUser
                          key="11"
                          status="online"
                        >
                          <span
                            className="dashboard-stats-user"
                          >
                            <IconUser
                              className="online"
                            >
                              <Icon
                                className="online"
                                name="user"
                              >
                                <FaSize
                                  prefix=""
                                  size={1}
                                >
                                  <i
                                    className="fa fa-user online"
                                  />
                                </FaSize>
                              </Icon>
                            </IconUser>
                            John 11 Doe 11
                          </span>
                        </DashboardStatsUser>
                        <DashboardStatsUser
                          key="12"
                          status="online"
                        >
                          <span
                            className="dashboard-stats-user"
                          >
                            <IconUser
                              className="online"
                            >
                              <Icon
                                className="online"
                                name="user"
                              >
                                <FaSize
                                  prefix=""
                                  size={1}
                                >
                                  <i
                                    className="fa fa-user online"
                                  />
                                </FaSize>
                              </Icon>
                            </IconUser>
                            John 12 Doe 12
                          </span>
                        </DashboardStatsUser>
                        <DashboardStatsUser
                          key="13"
                          status="online"
                        >
                          <span
                            className="dashboard-stats-user"
                          >
                            <IconUser
                              className="online"
                            >
                              <Icon
                                className="online"
                                name="user"
                              >
                                <FaSize
                                  prefix=""
                                  size={1}
                                >
                                  <i
                                    className="fa fa-user online"
                                  />
                                </FaSize>
                              </Icon>
                            </IconUser>
                            John 13 Doe 13
                          </span>
                        </DashboardStatsUser>
                        <DashboardStatsUser
                          key="14"
                          status="online"
                        >
                          <span
                            className="dashboard-stats-user"
                          >
                            <IconUser
                              className="online"
                            >
                              <Icon
                                className="online"
                                name="user"
                              >
                                <FaSize
                                  prefix=""
                                  size={1}
                                >
                                  <i
                                    className="fa fa-user online"
                                  />
                                </FaSize>
                              </Icon>
                            </IconUser>
                            John 14 Doe 14
                          </span>
                        </DashboardStatsUser>
                      </DashboardStatsUserList>
                    </div>
                    <div
                      key=" 15 16 17 18 19"
                    >
                      <DashboardStatsUserList
                        users={
                          Array [
                            Object {
                              "_id": 15,
                              "profile": Object {
                                "firstName": "John 15",
                                "lastName": "Doe 15",
                              },
                              "status": "online",
                            },
                            Object {
                              "_id": 16,
                              "profile": Object {
                                "firstName": "John 16",
                                "lastName": "Doe 16",
                              },
                              "status": "online",
                            },
                            Object {
                              "_id": 17,
                              "profile": Object {
                                "firstName": "John 17",
                                "lastName": "Doe 17",
                              },
                              "status": "online",
                            },
                            Object {
                              "_id": 18,
                              "profile": Object {
                                "firstName": "John 18",
                                "lastName": "Doe 18",
                              },
                              "status": "online",
                            },
                            Object {
                              "_id": 19,
                              "profile": Object {
                                "firstName": "John 19",
                                "lastName": "Doe 19",
                              },
                              "status": "online",
                            },
                          ]
                        }
                      >
                        <DashboardStatsUser
                          key="15"
                          status="online"
                        >
                          <span
                            className="dashboard-stats-user"
                          >
                            <IconUser
                              className="online"
                            >
                              <Icon
                                className="online"
                                name="user"
                              >
                                <FaSize
                                  prefix=""
                                  size={1}
                                >
                                  <i
                                    className="fa fa-user online"
                                  />
                                </FaSize>
                              </Icon>
                            </IconUser>
                            John 15 Doe 15
                          </span>
                        </DashboardStatsUser>
                        <DashboardStatsUser
                          key="16"
                          status="online"
                        >
                          <span
                            className="dashboard-stats-user"
                          >
                            <IconUser
                              className="online"
                            >
                              <Icon
                                className="online"
                                name="user"
                              >
                                <FaSize
                                  prefix=""
                                  size={1}
                                >
                                  <i
                                    className="fa fa-user online"
                                  />
                                </FaSize>
                              </Icon>
                            </IconUser>
                            John 16 Doe 16
                          </span>
                        </DashboardStatsUser>
                        <DashboardStatsUser
                          key="17"
                          status="online"
                        >
                          <span
                            className="dashboard-stats-user"
                          >
                            <IconUser
                              className="online"
                            >
                              <Icon
                                className="online"
                                name="user"
                              >
                                <FaSize
                                  prefix=""
                                  size={1}
                                >
                                  <i
                                    className="fa fa-user online"
                                  />
                                </FaSize>
                              </Icon>
                            </IconUser>
                            John 17 Doe 17
                          </span>
                        </DashboardStatsUser>
                        <DashboardStatsUser
                          key="18"
                          status="online"
                        >
                          <span
                            className="dashboard-stats-user"
                          >
                            <IconUser
                              className="online"
                            >
                              <Icon
                                className="online"
                                name="user"
                              >
                                <FaSize
                                  prefix=""
                                  size={1}
                                >
                                  <i
                                    className="fa fa-user online"
                                  />
                                </FaSize>
                              </Icon>
                            </IconUser>
                            John 18 Doe 18
                          </span>
                        </DashboardStatsUser>
                        <DashboardStatsUser
                          key="19"
                          status="online"
                        >
                          <span
                            className="dashboard-stats-user"
                          >
                            <IconUser
                              className="online"
                            >
                              <Icon
                                className="online"
                                name="user"
                              >
                                <FaSize
                                  prefix=""
                                  size={1}
                                >
                                  <i
                                    className="fa fa-user online"
                                  />
                                </FaSize>
                              </Icon>
                            </IconUser>
                            John 19 Doe 19
                          </span>
                        </DashboardStatsUser>
                      </DashboardStatsUserList>
                    </div>
                    <div
                      key=" 20 21 22 23 24"
                    >
                      <DashboardStatsUserList
                        users={
                          Array [
                            Object {
                              "_id": 20,
                              "profile": Object {
                                "firstName": "John 20",
                                "lastName": "Doe 20",
                              },
                              "status": "online",
                            },
                            Object {
                              "_id": 21,
                              "profile": Object {
                                "firstName": "John 21",
                                "lastName": "Doe 21",
                              },
                              "status": "online",
                            },
                            Object {
                              "_id": 22,
                              "profile": Object {
                                "firstName": "John 22",
                                "lastName": "Doe 22",
                              },
                              "status": "online",
                            },
                            Object {
                              "_id": 23,
                              "profile": Object {
                                "firstName": "John 23",
                                "lastName": "Doe 23",
                              },
                              "status": "online",
                            },
                            Object {
                              "_id": 24,
                              "profile": Object {
                                "firstName": "John 24",
                                "lastName": "Doe 24",
                              },
                              "status": "online",
                            },
                          ]
                        }
                      >
                        <DashboardStatsUser
                          key="20"
                          status="online"
                        >
                          <span
                            className="dashboard-stats-user"
                          >
                            <IconUser
                              className="online"
                            >
                              <Icon
                                className="online"
                                name="user"
                              >
                                <FaSize
                                  prefix=""
                                  size={1}
                                >
                                  <i
                                    className="fa fa-user online"
                                  />
                                </FaSize>
                              </Icon>
                            </IconUser>
                            John 20 Doe 20
                          </span>
                        </DashboardStatsUser>
                        <DashboardStatsUser
                          key="21"
                          status="online"
                        >
                          <span
                            className="dashboard-stats-user"
                          >
                            <IconUser
                              className="online"
                            >
                              <Icon
                                className="online"
                                name="user"
                              >
                                <FaSize
                                  prefix=""
                                  size={1}
                                >
                                  <i
                                    className="fa fa-user online"
                                  />
                                </FaSize>
                              </Icon>
                            </IconUser>
                            John 21 Doe 21
                          </span>
                        </DashboardStatsUser>
                        <DashboardStatsUser
                          key="22"
                          status="online"
                        >
                          <span
                            className="dashboard-stats-user"
                          >
                            <IconUser
                              className="online"
                            >
                              <Icon
                                className="online"
                                name="user"
                              >
                                <FaSize
                                  prefix=""
                                  size={1}
                                >
                                  <i
                                    className="fa fa-user online"
                                  />
                                </FaSize>
                              </Icon>
                            </IconUser>
                            John 22 Doe 22
                          </span>
                        </DashboardStatsUser>
                        <DashboardStatsUser
                          key="23"
                          status="online"
                        >
                          <span
                            className="dashboard-stats-user"
                          >
                            <IconUser
                              className="online"
                            >
                              <Icon
                                className="online"
                                name="user"
                              >
                                <FaSize
                                  prefix=""
                                  size={1}
                                >
                                  <i
                                    className="fa fa-user online"
                                  />
                                </FaSize>
                              </Icon>
                            </IconUser>
                            John 23 Doe 23
                          </span>
                        </DashboardStatsUser>
                        <DashboardStatsUser
                          key="24"
                          status="online"
                        >
                          <span
                            className="dashboard-stats-user"
                          >
                            <IconUser
                              className="online"
                            >
                              <Icon
                                className="online"
                                name="user"
                              >
                                <FaSize
                                  prefix=""
                                  size={1}
                                >
                                  <i
                                    className="fa fa-user online"
                                  />
                                </FaSize>
                              </Icon>
                            </IconUser>
                            John 24 Doe 24
                          </span>
                        </DashboardStatsUser>
                      </DashboardStatsUserList>
                    </div>
                  </div>
                </Transition>
              </Collapse>
            </Collapse>
          </div>
        </DashboardStats>
      </Component>
    </withHandlers(Component)>
  </withState(withHandlers(Component))>
</DashboardUserStats(Component)>
`;
