// Jest Snapshot v1, https://goo.gl/fbAQLP

exports[`getRisksLinkedToStandard matches snapshot 1`] = `
Array [
  Object {
    "_id": 10,
    "analysis": Object {
      "completedBy": Object {
        "_id": 6,
        "profile": Object {
          "fullName": "",
        },
        "roles": Object {
          "7": Array [
            "create-update-delete-standards",
            "view-team-actions",
            "invite-users",
            "delete-users",
            "edit-user-roles",
            "change-org-settings",
            "complete-any-action",
            "create-delete-goals",
          ],
        },
      },
      "executor": Object {
        "_id": 6,
        "profile": Object {
          "fullName": "",
        },
        "roles": Object {
          "7": Array [
            "create-update-delete-standards",
            "view-team-actions",
            "invite-users",
            "delete-users",
            "edit-user-roles",
            "change-org-settings",
            "complete-any-action",
            "create-delete-goals",
          ],
        },
      },
    },
    "departments": Array [
      Object {
        "_id": 16,
      },
    ],
    "originator": Object {
      "profile": Object {
        "fullName": "",
      },
    },
    "owner": Object {
      "profile": Object {
        "fullName": "",
      },
    },
    "standards": Array [
      Object {
        "_id": 1,
        "sectionId": 8,
        "typeId": 9,
      },
    ],
    "type": Object {
      "_id": 15,
    },
  },
  Object {
    "_id": 11,
    "analysis": Object {
      "completedBy": Object {
        "profile": Object {
          "fullName": "",
        },
      },
      "executor": Object {
        "profile": Object {
          "fullName": "",
        },
      },
    },
    "departments": Array [
      Object {
        "_id": 16,
      },
      Object {
        "_id": 17,
      },
    ],
    "originator": Object {
      "profile": Object {
        "fullName": "",
      },
    },
    "owner": Object {
      "profile": Object {
        "fullName": "",
      },
    },
    "standards": Array [
      Object {
        "_id": 1,
        "sectionId": 8,
        "typeId": 9,
      },
      Object {
        "_id": 2,
        "sectionId": 8,
        "typeId": 9,
      },
    ],
    "type": Object {
      "_id": 15,
    },
  },
  Object {
    "_id": 13,
    "analysis": Object {
      "completedBy": Object {
        "profile": Object {
          "fullName": "",
        },
      },
      "executor": Object {
        "profile": Object {
          "fullName": "",
        },
      },
    },
    "deletedAt": 1513074233018,
    "departments": Array [],
    "isDeleted": true,
    "originator": Object {
      "profile": Object {
        "fullName": "",
      },
    },
    "owner": Object {
      "profile": Object {
        "fullName": "",
      },
    },
    "standards": Array [
      Object {
        "_id": 1,
        "sectionId": 8,
        "typeId": 9,
      },
    ],
    "type": undefined,
  },
]
`;
