// Jest Snapshot v1, https://goo.gl/fbAQLP

exports[`getRisksLinkedToStandard matches snapshot 1`] = `
Array [
  Object {
    "_id": 10,
    "departmentsIds": Array [
      16,
    ],
    "originator": Object {
      "profile": Object {
        "fullName": "",
      },
    },
    "owner": Object {
      "profile": Object {
        "fullName": "",
      },
    },
    "standardsIds": Array [
      1,
    ],
    "type": Object {
      "_id": 15,
    },
  },
  Object {
    "_id": 11,
    "departmentsIds": Array [
      16,
      17,
    ],
    "originator": Object {
      "profile": Object {
        "fullName": "",
      },
    },
    "owner": Object {
      "profile": Object {
        "fullName": "",
      },
    },
    "standardsIds": Array [
      1,
      2,
    ],
    "type": Object {
      "_id": 15,
    },
  },
  Object {
    "_id": 13,
    "deletedAt": 1513074233018,
    "isDeleted": true,
    "originator": Object {
      "profile": Object {
        "fullName": "",
      },
    },
    "owner": Object {
      "profile": Object {
        "fullName": "",
      },
    },
    "standardsIds": Array [
      1,
    ],
    "type": undefined,
  },
]
`;
