// Jest Snapshot v1, https://goo.gl/fbAQLP

exports[`getLHS matches snapshot 1`] = `
Object {
  "animating": undefined,
  "filter": 1,
  "filteredStandards": Array [
    Object {
      "_id": 1,
    },
    Object {
      "_id": 2,
    },
    Object {
      "_id": 5,
    },
  ],
  "isDataImportModalOpened": false,
  "organizationId": 7,
  "searchResultsText": "",
  "searchText": "",
  "standards": Array [
    Object {
      "_id": 1,
    },
    Object {
      "_id": 2,
    },
    Object {
      "_id": 5,
    },
  ],
  "urlItemId": 1,
  "userId": 1,
}
`;
