// Jest Snapshot v1, https://goo.gl/fbAQLP

exports[`getRHSBodyContents matches snapshot 1`] = `
Object {
  "improvementPlan": Object {
    "owner": Object {
      "_id": 6,
      "roles": Object {
        "7": Array [
          "create-update-delete-standards",
          "view-team-actions",
          "invite-users",
          "delete-users",
          "edit-user-roles",
          "change-org-settings",
        ],
      },
    },
  },
  "notify": Array [
    Object {
      "_id": 6,
      "emails": undefined,
      "profile": undefined,
    },
  ],
  "owner": Object {
    "_id": 6,
    "roles": Object {
      "7": Array [
        "create-update-delete-standards",
        "view-team-actions",
        "invite-users",
        "delete-users",
        "edit-user-roles",
        "change-org-settings",
      ],
    },
  },
  "section": Object {
    "_id": 8,
  },
  "type": Object {
    "_id": 9,
  },
}
`;
